asdfjasldjflsadjflsajdfl